// Jest Snapshot v1, https://goo.gl/fbAQLP

exports[`Display component renders Display 1`] = `
<ul>
  <li
    key="[object Object]"
  >
    <Component />
  </li>
  <li
    key="[object Object]"
  >
    <Component />
  </li>
</ul>
`;
